// Jest Snapshot v1, https://goo.gl/fbAQLP

exports[`<getInvitationLinkManager /> should render the test snapshot 1`] = `
<div
  class="p-4 grid gap-2 crayons-card my-4 invitation-section"
>
  <h3
    class="text-center title"
  >
    Invitation Link
  </h3>
  <clipboard-copy
    aria-controls="image-markdown-copy-link-announcer"
    aria-live="polite"
    class="flex items-center flex-1"
    for="chat-channel-unviation-url"
    onClick={[Function]}
  >
    <input
      class="crayons-textfield mr-2"
      id="chat-channel-unviation-url"
      readOnly="true"
      type="text"
    />
    <button
      class="crayons-btn crayons-btn--ghost crayons-btn--icon spec__image-markdown-copy"
      disabled={false}
      type="button"
    >
      <svg
        aria-labelledby="fc5f15add1e114844f5e"
        class="crayons-icon copy-icon"
        height="24"
        role="img"
        viewBox="0 0 24 24"
        width="24"
        xmlns="http://www.w3.org/2000/svg"
      >
        <title
          id="fc5f15add1e114844f5e"
        >
          Copy Markdown for image
        </title>
        <path
          d="M7 6V3a1 1 0 011-1h12a1 1 0 011 1v14a1 1 0 01-1 1h-3v3c0 .552-.45 1-1.007 1H4.007A1 1 0 013 21l.003-14c0-.552.45-1 1.007-1H7zm2 0h8v10h2V4H9v2zm-2 5v2h6v-2H7zm0 4v2h6v-2H7z"
        />
      </svg>
    </button>
    <span
      class="fs-s opacity-0"
      id="image-markdown-copy-link-announcer"
      role="alert"
    >
      Copied!
    </span>
  </clipboard-copy>
</div>
`;
