// Jest Snapshot v1, https://goo.gl/fbAQLP

exports[`<Membership /> should render and test snapshot 1`] = `
<div
  class="flex items-center"
>
  <a
    class="chatmessagebody__username--link"
    data-content="sidecar-user"
    href="/testusername"
    rel="noopener noreferrer"
    target="_blank"
  >
    <span
      class="crayons-avatar crayons-avatar--l mr-3"
    >
      <img
        alt="test user profile"
        class="crayons-avatar__image align-middle"
        role="presentation"
        src=""
      />
    </span>
    <span
      class="mr-2 user_name"
    >
      test user
    </span>
  </a>
</div>
`;
